// Jest Snapshot v1, https://goo.gl/fbAQLP

exports[`Routers: the CreateExpenseRouter router, should render CreateExpenseRouter correctly 1`] = `
<div>
  <h1>
    Add an expense
  </h1>
  <ExpenseForm
    onSubmit={[Function]}
  />
</div>
`;
