// Jest Snapshot v1, https://goo.gl/fbAQLP

exports[`Routers the EditPageRouter router, should render EditPageRouter correctly 1`] = `
<div>
  <ExpenseForm
    onSubmit={[Function]}
  />
  <button
    onRemove={[Function]}
  >
     Remove Item 
  </button>
</div>
`;
