// Jest Snapshot v1, https://goo.gl/fbAQLP

exports[`Routers the PageNotFound router should render PageNotFound correctly 1`] = `
<div>
  <h1>
    Page Not Found - 404
  </h1>
</div>
`;
