// Jest Snapshot v1, https://goo.gl/fbAQLP

exports[`Components the ExpenseListItem should render ExpenseListItem correctly  1`] = `
<div>
  <Link
    to="/edit/1"
  >
    <h3>
      Gum
    </h3>
  </Link>
  <p>
    0.03
    <span>
      â‚¬
    </span>
     -Created On: 
    January 1st, 1970
  </p>
</div>
`;
