// Jest Snapshot v1, https://goo.gl/fbAQLP

exports[`should render sum of expenses for 1 input 1`] = `ShallowWrapper {}`;

exports[`should render sum of expenses for many inputs 1`] = `ShallowWrapper {}`;
